<html>
<body>
<pre>
<h1>µVision Build Log</h1>
<h2>Tool Versions:</h2>
IDE-Version: µVision V5.38.0.0
Copyright (C) 2022 ARM Ltd and ARM Germany GmbH. All rights reserved.
License Information: Mattia Mirigaldi, Politecnico di Torino, LIC=----
 
Tool Versions:
Toolchain:       MDK-Lite  Version: 5.38.0.0
Toolchain Path:  C:\Keil_v5\ARM\ARM_Compiler_5.06u7\Bin
C Compiler:      Armcc.exe V5.06 update 7 (build 960)
Assembler:       Armasm.exe V5.06 update 7 (build 960)
Linker/Locator:  ArmLink.exe V5.06 update 7 (build 960)
Library Manager: ArmAr.exe V5.06 update 7 (build 960)
Hex Converter:   FromElf.exe V5.06 update 7 (build 960)
CPU DLL:         SARMCM3.DLL V5.38.0.0
Dialog DLL:      DCM.DLL V1.17.5.0
Target DLL:      UL2CM3.DLL V1.164.8.0
Dialog DLL:      TCM.DLL V1.56.4.0
 
<h2>Project:</h2>
Z:\chipwhisperer\jupyter\mattia_sca\CW305_DesignStart\software\Build_Keil\CW305_DesignStart.uvprojx
Project File Date:  11/17/2023

<h2>Output:</h2>
*** Using Compiler 'V5.06 update 7 (build 960)', folder: 'C:\Keil_v5\ARM\ARM_Compiler_5.06u7\Bin'
Rebuild target 'CW305_DesignStart'
assembling startup_ARTY_CM3.s...
compiling print.c...
compiling xil_assert.c...
..\sdk_workspace\standalone_bsp_0\Cortex_M3_0\libsrc\standalone_v6_7\src\xil_assert.h(195): warning:  #1-D: last line of file ends without a newline
  */
..\sdk_workspace\standalone_bsp_0\Cortex_M3_0\libsrc\standalone_v6_7\src\xil_assert.c: 1 warning, 0 errors
compiling outbyte.c...
..\sdk_workspace\standalone_bsp_0\Cortex_M3_0\include\xil_assert.h(195): warning:  #1-D: last line of file ends without a newline
  */
..\sdk_workspace\standalone_bsp_0\Cortex_M3_0\libsrc\standalone_v6_7\src\outbyte.c: 1 warning, 0 errors
compiling inbyte.c...
..\sdk_workspace\standalone_bsp_0\Cortex_M3_0\include\xil_assert.h(195): warning:  #1-D: last line of file ends without a newline
  */
..\sdk_workspace\standalone_bsp_0\Cortex_M3_0\libsrc\standalone_v6_7\src\inbyte.c: 1 warning, 0 errors
compiling cw_gpio.c...
..\sdk_workspace\standalone_bsp_0\Cortex_M3_0\include\xil_assert.h(195): warning:  #1-D: last line of file ends without a newline
  */
..\gpio\cw_gpio.c: 1 warning, 0 errors
compiling xgpio.c...
..\sdk_workspace\standalone_bsp_0\Cortex_M3_0\include\xil_assert.h(195): warning:  #1-D: last line of file ends without a newline
  */
..\sdk_workspace\standalone_bsp_0\Cortex_M3_0\libsrc\gpio_v4_4\src\xgpio.c: 1 warning, 0 errors
compiling xgpio_extra.c...
..\sdk_workspace\standalone_bsp_0\Cortex_M3_0\include\xil_assert.h(195): warning:  #1-D: last line of file ends without a newline
  */
..\sdk_workspace\standalone_bsp_0\Cortex_M3_0\libsrc\gpio_v4_4\src\xgpio_extra.c: 1 warning, 0 errors
compiling system_ARTY_CM3.c...
compiling xgpio_g.c...
..\sdk_workspace\standalone_bsp_0\Cortex_M3_0\include\xil_assert.h(195): warning:  #1-D: last line of file ends without a newline
  */
..\sdk_workspace\standalone_bsp_0\Cortex_M3_0\libsrc\gpio_v4_4\src\xgpio_g.c: 1 warning, 0 errors
compiling uart.c...
..\sdk_workspace\standalone_bsp_0\Cortex_M3_0\include\xil_assert.h(195): warning:  #1-D: last line of file ends without a newline
  */
..\uart\uart.c: 1 warning, 0 errors
compiling xuartlite_g.c...
..\sdk_workspace\standalone_bsp_0\Cortex_M3_0\include\xil_assert.h(195): warning:  #1-D: last line of file ends without a newline
  */
..\sdk_workspace\standalone_bsp_0\Cortex_M3_0\libsrc\uartlite_v3_2\src\xuartlite_g.c: 1 warning, 0 errors
compiling xgpio_intr.c...
..\sdk_workspace\standalone_bsp_0\Cortex_M3_0\include\xil_assert.h(195): warning:  #1-D: last line of file ends without a newline
  */
..\sdk_workspace\standalone_bsp_0\Cortex_M3_0\libsrc\gpio_v4_4\src\xgpio_intr.c: 1 warning, 0 errors
compiling xuartlite_l.c...
..\sdk_workspace\standalone_bsp_0\Cortex_M3_0\include\xil_assert.h(195): warning:  #1-D: last line of file ends without a newline
  */
..\sdk_workspace\standalone_bsp_0\Cortex_M3_0\libsrc\uartlite_v3_2\src\xuartlite_l.c: 1 warning, 0 errors
compiling xgpio_selftest.c...
..\sdk_workspace\standalone_bsp_0\Cortex_M3_0\include\xil_assert.h(195): warning:  #1-D: last line of file ends without a newline
  */
..\sdk_workspace\standalone_bsp_0\Cortex_M3_0\libsrc\gpio_v4_4\src\xgpio_selftest.c: 1 warning, 0 errors
compiling xuartlite.c...
..\sdk_workspace\standalone_bsp_0\Cortex_M3_0\include\xil_assert.h(195): warning:  #1-D: last line of file ends without a newline
  */
..\sdk_workspace\standalone_bsp_0\Cortex_M3_0\libsrc\uartlite_v3_2\src\xuartlite.c: 1 warning, 0 errors
compiling xgpio_sinit.c...
..\sdk_workspace\standalone_bsp_0\Cortex_M3_0\include\xil_assert.h(195): warning:  #1-D: last line of file ends without a newline
  */
..\sdk_workspace\standalone_bsp_0\Cortex_M3_0\libsrc\gpio_v4_4\src\xgpio_sinit.c: 1 warning, 0 errors
compiling xuartlite_intr.c...
..\sdk_workspace\standalone_bsp_0\Cortex_M3_0\include\xil_assert.h(195): warning:  #1-D: last line of file ends without a newline
  */
..\sdk_workspace\standalone_bsp_0\Cortex_M3_0\libsrc\uartlite_v3_2\src\xuartlite_intr.c: 1 warning, 0 errors
compiling xuartlite_selftest.c...
..\sdk_workspace\standalone_bsp_0\Cortex_M3_0\include\xil_assert.h(195): warning:  #1-D: last line of file ends without a newline
  */
..\sdk_workspace\standalone_bsp_0\Cortex_M3_0\libsrc\uartlite_v3_2\src\xuartlite_selftest.c: 1 warning, 0 errors
compiling xuartlite_sinit.c...
..\sdk_workspace\standalone_bsp_0\Cortex_M3_0\include\xil_assert.h(195): warning:  #1-D: last line of file ends without a newline
  */
..\sdk_workspace\standalone_bsp_0\Cortex_M3_0\libsrc\uartlite_v3_2\src\xuartlite_sinit.c: 1 warning, 0 errors
compiling aes.c...
compiling simpleserial.c...
..\sdk_workspace\standalone_bsp_0\Cortex_M3_0\include\xil_assert.h(195): warning:  #1-D: last line of file ends without a newline
  */
..\simpleserial\simpleserial.c: 1 warning, 0 errors
compiling aes-independant.c...
compiling cw_main.c...
..\sdk_workspace\standalone_bsp_0\Cortex_M3_0\include\xil_assert.h(195): warning:  #1-D: last line of file ends without a newline
  */
..\main\cw_main.c: 1 warning, 0 errors
compiling xuartlite_stats.c...
..\sdk_workspace\standalone_bsp_0\Cortex_M3_0\include\xil_assert.h(195): warning:  #1-D: last line of file ends without a newline
  */
..\sdk_workspace\standalone_bsp_0\Cortex_M3_0\libsrc\uartlite_v3_2\src\xuartlite_stats.c: 1 warning, 0 errors
linking...
Program Size: Code=5900 RO-data=740 RW-data=612 ZI-data=4836  
FromELF: creating hex file...
After Build - User command #1: make_hex_a7.bat
Z:\chipwhisperer\jupyter\mattia_sca\CW305_DesignStart\software\Build_Keil>call C:\Keil_v5\ARM\ARM_Compiler_5.06u7\bin\fromelf.exe --vhx --32x1 --output bram_a7.hex Z:\chipwhisperer\jupyter\mattia_sca\CW305_DesignStart\software\Build_Keil\objects\CW305_DesignStart.axf 
Z:\chipwhisperer\jupyter\mattia_sca\CW305_DesignStart\software\Build_Keil>copy  objects\CW305_DesignStart.axf bram_a7.elf 
        1 file copiati.
Z:\chipwhisperer\jupyter\mattia_sca\CW305_DesignStart\software\Build_Keil>copy .\bram_a7.elf Z:\chipwhisperer\jupyter\mattia_sca\CW305_DesignStart\hardware 
        1 file copiati.
Z:\chipwhisperer\jupyter\mattia_sca\CW305_DesignStart\software\Build_Keil>copy .\bram_a7.hex Z:\chipwhisperer\jupyter\mattia_sca\CW305_DesignStart\hardware 
        1 file copiati.
".\objects\CW305_DesignStart.axf" - 0 Error(s), 20 Warning(s).

<h2>Software Packages used:</h2>

Package Vendor: ARM
                http://www.keil.com/pack/ARM.CMSIS.5.9.0.pack
                ARM.CMSIS.5.9.0
                CMSIS (Common Microcontroller Software Interface Standard)
   * Component: CORE Version: 5.6.0

<h2>Collection of Component include folders:</h2>
  ./RTE/_CW305_DesignStart
  C:/Users/Mattia/AppData/Local/Arm/Packs/ARM/CMSIS/5.9.0/CMSIS/Core/Include
  C:/Users/Mattia/AppData/Local/Arm/Packs/ARM/CMSIS/5.9.0/Device/ARM/ARMCM3/Include

<h2>Collection of Component Files used:</h2>

   * Component: ARM::CMSIS:CORE:5.6.0
Build Time Elapsed:  00:00:11
</pre>
</body>
</html>
